orokasa to wa
ka misetsukete yaru

yuutousei
natteita
na shikou kairo
naku