tadashisa to wa orokasa
sore ga nani ka

chicchana koro kara yuutousei
kizuitara otona ni natteita
naifu no you na
mochiawaseru wake mo naku